MPLINK 4.41, Linker
Linker Map File - Created Tue May 17 09:09:10 2016

                                 Section Info
                  Section       Type    Address   Location Size(Bytes)
                ---------  ---------  ---------  ---------  ---------
                   .org_0       code   0x000000    program   0x000000
                   .org_1       code   0x000000    program   0x000038
.config_2007_EVERYTHINGON.O       code   0x002007    program   0x000002



                              Program Memory Usage 
                               Start         End      
                           ---------   ---------      
                            0x000000    0x00001b      
                            0x002007    0x002007      
            29 out of 4359 program addresses used, program memory utilization is 0%



                              Symbols - Sorted by Name
                     Name    Address   Location    Storage File                     
                ---------  ---------  ---------  --------- ---------                
                DELAYLOOP   0x000017    program     static C:\Users\Administrator\Desktop\Adam_Code\everythingon.asm
                     LOOP   0x000011    program     static C:\Users\Administrator\Desktop\Adam_Code\everythingon.asm
                    START   0x000000    program     static C:\Users\Administrator\Desktop\Adam_Code\everythingon.asm



                              Symbols - Sorted by Address
                     Name    Address   Location    Storage File                     
                ---------  ---------  ---------  --------- ---------                
                    START   0x000000    program     static C:\Users\Administrator\Desktop\Adam_Code\everythingon.asm
                     LOOP   0x000011    program     static C:\Users\Administrator\Desktop\Adam_Code\everythingon.asm
                DELAYLOOP   0x000017    program     static C:\Users\Administrator\Desktop\Adam_Code\everythingon.asm


