MPLINK 4.41, Linker
Linker Map File - Created Tue May 17 08:49:50 2016

                                 Section Info
                  Section       Type    Address   Location Size(Bytes)
                ---------  ---------  ---------  ---------  ---------
                   .org_0       code   0x000000    program   0x000000
                   .org_1       code   0x000000    program   0x000022
  .config_2007_MAINCODE.O       code   0x002007    program   0x000002



                              Program Memory Usage 
                               Start         End      
                           ---------   ---------      
                            0x000000    0x000010      
                            0x002007    0x002007      
            18 out of 4359 program addresses used, program memory utilization is 0%



                              Symbols - Sorted by Name
                     Name    Address   Location    Storage File                     
                ---------  ---------  ---------  --------- ---------                
                     MAIN   0x00000f    program     static C:\Users\Administrator\Desktop\Adam_Code\MainCode.asm
                    START   0x000000    program     static C:\Users\Administrator\Desktop\Adam_Code\MainCode.asm



                              Symbols - Sorted by Address
                     Name    Address   Location    Storage File                     
                ---------  ---------  ---------  --------- ---------                
                    START   0x000000    program     static C:\Users\Administrator\Desktop\Adam_Code\MainCode.asm
                     MAIN   0x00000f    program     static C:\Users\Administrator\Desktop\Adam_Code\MainCode.asm


