HI-TECH Software C Compiler 

Linker command line:

--edf=C:\Program Files\HI-TECH Software\PICC\9.83\dat\en_msgs.txt -cs \
  -h+TestBoard.sym -z -Q16F690 -ol.obj -MTestBoard.map -E1 \
  -ACONST=00h-0FFhx16 -ACODE=00h-07FFhx2 -ASTRCODE=00h-0FFFh \
  -AENTRY=00h-0FFhx16 -ASTRING=00h-0FFhx16 -ABANK0=020h-06Fh \
  -ABANK1=0A0h-0EFh -ABANK2=0120h-016Fh \
  -ARAM=020h-06Fh,0A0h-0EFh,0120h-016Fh \
  -AABS1=020h-07Fh,0A0h-0EFh,0120h-016Fh -ACOMMON=070h-07Fh -ASFR0=00h-01Fh \
  -ASFR1=080h-09Fh -ASFR2=0100h-011Fh -ASFR3=0180h-01EFh \
  -preset_vec=00h,intentry,init,end_init -ppowerup=CODE -pfunctab=CODE \
  -ACONFIG=02007h-02007h -pconfig=CONFIG -DCONFIG=2 -AIDLOC=02000h-02003h \
  -pidloc=IDLOC -DIDLOC=2 -AEEDATA=00h-0FFh/02100h -peeprom_data=EEDATA \
  -DEEDATA=2 -DCODE=2 -DSTRCODE=2 -DSTRING=2 -DCONST=2 -DENTRY=2 -k \
  startup.obj TestBoard.obj 

Object code version is 3.10

Machine type is 16F690



                Name                               Link     Load   Length Selector   Space Scale
startup.obj     end_init                              0        0        2        0       0
TestBoard.obj   config                             2007     2007        1     400E       0
                text90                              74F      74F       10      E9E       0
                text89                              749      749        6      E92       0
                maintext                            75F      75F       A1      EBE       0
                cstackCOMMON                         70       70        5       70       1
                cinit                               746      746        3      E8C       0

TOTAL           Name                               Link     Load   Length     Space
        CLASS   CONST          

        CLASS   CODE           
                end_init                              0        0        2         0
                text90                              74F      74F       10         0
                text89                              749      749        6         0
                maintext                            75F      75F       A1         0
                cinit                               746      746        3         0

        CLASS   STRCODE        

        CLASS   ENTRY          

        CLASS   STRING         

        CLASS   BANK0          

        CLASS   BANK1          

        CLASS   BANK2          

        CLASS   RAM            

        CLASS   ABS1           
                abs_s1                               7E       7E        2         1

        CLASS   COMMON         
                cstackCOMMON                         70       70        5         1

        CLASS   SFR0           

        CLASS   SFR1           

        CLASS   SFR2           

        CLASS   SFR3           

        CLASS   CONFIG         
                config                             2007     2007        1         0

        CLASS   IDLOC          

        CLASS   EEDATA         

        CLASS   BANK3          



SEGMENTS        Name                           Load    Length   Top    Selector   Space  Class     Delta

                reset_vec                      000000  000002  000002         0       0  CODE        2
                cstackCOMMON                   000070  000005  000075        70       1  COMMON      1
                cinit                          000746  000003  000749       E8C       0  CODE        2
                text89                         000749  000006  00074F       E92       0  CODE        2
                text90                         00074F  000010  00075F       E9E       0  CODE        2
                maintext                       00075F  0000A1  000800       EBE       0  CODE        2
                config                         002007  000001  002008      400E       0  CONFIG      2


UNUSED ADDRESS RANGES

        Name                Unused          Largest block    Delta
        BANK0            0020-006F             50           1
        BANK1            00A0-00EF             50           1
        BANK2            0120-016F             50           1
        CODE             0002-0745            744           2
                         0800-0FFF            800
        COMMON           0075-007D              9           1
        CONST            0002-0745            100           2
                         0800-0FFF            100
        EEDATA           2100-21FF            100           2
        ENTRY            0002-0745            100           2
                         0800-0FFF            100
        IDLOC            2000-2003              4           2
        RAM              0020-006F             50           1
                         00A0-00EF             50
                         0120-016F             50
        SFR0             0000-001F             20           1
        SFR1             0080-009F             20           1
        SFR2             0100-011F             20           1
        SFR3             0180-01EF             70           1
        STRCODE          0002-0745            744           2
                         0800-0FFF            800
        STRING           0002-0745            100           2
                         0800-0FFF            100

                                  Symbol Table

??_clear_all            cstackCOMMON 0070
??_init_hardware        cstackCOMMON 0070
??_main                 cstackCOMMON 0070
?_clear_all             cstackCOMMON 0070
?_init_hardware         cstackCOMMON 0070
?_main                  cstackCOMMON 0070
_ANSEL                  (abs)        011E
_ANSELH                 (abs)        011F
_CARRY                  (abs)        0018
_EEADR                  (abs)        010D
_EECON1                 (abs)        018C
_EECON2                 (abs)        018D
_EEDATA                 (abs)        010C
_GIE                    (abs)        005F
_PORTA                  (abs)        0005
_PORTB                  (abs)        0006
_PORTC                  (abs)        0007
_RC0                    (abs)        0038
_RC1                    (abs)        0039
_RC2                    (abs)        003A
_RC3                    (abs)        003B
_RC4                    (abs)        003C
_RC5                    (abs)        003D
_RC6                    (abs)        003E
_RC7                    (abs)        003F
_RD                     (abs)        0C60
_TRISA                  (abs)        0085
_TRISB                  (abs)        0086
_TRISC                  (abs)        0087
_WR                     (abs)        0C61
_WREN                   (abs)        0C62
__Habs1                 abs1         0000
__Hbank0                bank0        0000
__Hbank1                bank1        0000
__Hbank2                bank2        0000
__Hbank3                bank3        0000
__Hcinit                cinit        0000
__Hclrtext              clrtext      0000
__Hcode                 code         0000
__Hcommon               common       0000
__Hconfig               config       2008
__HcstackCOMMON         cstackCOMMON 0000
__Heeprom_data          eeprom_data  0000
__Hend_init             end_init     0002
__Hfunctab              functab      0000
__Hidloc                idloc        0000
__Hinit                 init         0000
__Hintentry             intentry     0000
__Hmaintext             maintext     0000
__Hpowerup              powerup      0000
__Hram                  ram          0000
__Hreset_vec            reset_vec    0000
__Hsfr0                 sfr0         0000
__Hsfr1                 sfr1         0000
__Hsfr2                 sfr2         0000
__Hsfr3                 sfr3         0000
__Hstrings              strings      0000
__Htext                 text         0000
__Labs1                 abs1         0000
__Lbank0                bank0        0000
__Lbank1                bank1        0000
__Lbank2                bank2        0000
__Lbank3                bank3        0000
__Lcinit                cinit        0000
__Lclrtext              clrtext      0000
__Lcode                 code         0000
__Lcommon               common       0000
__Lconfig               config       2007
__LcstackCOMMON         cstackCOMMON 0000
__Leeprom_data          eeprom_data  0000
__Lend_init             end_init     0000
__Lfunctab              functab      0000
__Lidloc                idloc        0000
__Linit                 init         0000
__Lintentry             intentry     0000
__Lmaintext             maintext     0000
__Lpowerup              powerup      0000
__Lram                  ram          0000
__Lreset_vec            reset_vec    0000
__Lsfr0                 sfr0         0000
__Lsfr1                 sfr1         0000
__Lsfr2                 sfr2         0000
__Lsfr3                 sfr3         0000
__Lstrings              strings      0000
__Ltext                 text         0000
__S0                    (abs)        2008
__S1                    (abs)        0075
__S2                    (abs)        0000
__end_of_clear_all      text89       074F
__end_of_init_hardware  text90       075F
__end_of_main           maintext     0800
__pcstackCOMMON         cstackCOMMON 0070
__pmaintext             maintext     075F
__ptext88               text88       0000
__ptext89               text89       0749
__ptext90               text90       074F
__ptext91               text91       0000
__size_of_clear_all     (abs)        0000
__size_of_init_hardware (abs)        0000
__size_of_main          (abs)        0000
_clear_all              text89       0749
_exit                   init         0000
_init_hardware          text90       074F
_main                   maintext     075F
btemp                   (abs)        007E
end_of_initialization   cinit        0746
intlevel0               functab      0000
intlevel1               functab      0000
intlevel2               functab      0000
intlevel3               functab      0000
intlevel4               functab      0000
intlevel5               functab      0000
main@nPos               cstackCOMMON 0073
reset_vec               reset_vec    0000
start                   init         0000
start_initialization    cinit        0746
wtemp0                  (abs)        007E
